yarn : [33mThe CJS build of 
Vite's Node API is deprecated. See 
https://vite.dev/guide/troubleshoot
ing.html#vite-cjs-node-api-deprecat
ed for more details.[39m
At line:1 char:1
+ yarn test > test_output.txt 2>&1
+ ~~~~~~~~~~~~~~~~~~~~~~~~~~~~~~~~
    + CategoryInfo          : NotS 
   pecified: ([33mThe CJS bu...e  
   details.[39m:String) [], Rem   
 oteException
    + FullyQualifiedErrorId : Nati 
   veCommandError
 

[1m[7m[36m RUN [39m[27m[22m [36mv2.1.9 [39m[90mE:/work/solutionbank/frontend/apps/expo[39m

 [32mΓ£ô[39m ../../packages/app/utils/__tests__/asyncstorage-advanced.test.ts [2m([22m[2m35 tests[22m[2m)[22m[90m 11[2mms[22m[39m
 [32mΓ£ô[39m ../../packages/app/utils/__tests__/utils-imports.test.ts [2m([22m[2m4 tests[22m[2m)[22m[90m 56[2mms[22m[39m
 [32mΓ£ô[39m ../../packages/app/utils/__tests__/dev-flags.test.ts [2m([22m[2m8 tests[22m[2m)[22m[90m 6[2mms[22m[39m
 [32mΓ£ô[39m ../../packages/app/utils/__tests__/onboarding-storage.test.ts [2m([22m[2m13 tests[22m[2m)[22m[90m 8[2mms[22m[39m
 [32mΓ£ô[39m ../../packages/app/utils/__tests__/notification-toast-storage.test.ts [2m([22m[2m15 tests[22m[2m)[22m[90m 9[2mms[22m[39m
 [32mΓ£ô[39m ../../packages/app/utils/__tests__/toast-messages.test.ts [2m([22m[2m12 tests[22m[2m)[22m[90m 10[2mms[22m[39m
 [32mΓ£ô[39m ../../packages/app/utils/__tests__/toast-messages-comprehensive.test.ts [2m([22m[2m46 tests[22m[2m)[22m[90m 16[2mms[22m[39m
 [32mΓ£ô[39m ../../packages/api/src/__tests__/errors.test.ts [2m([22m[2m21 tests[22m[2m)[22m[90m 20[2mms[22m[39m
 [32mΓ£ô[39m ../../packages/api/src/__tests__/errors-comprehensive.test.ts [2m([22m[2m46 tests[22m[2m)[22m[90m 25[2mms[22m[39m
 [32mΓ£ô[39m ../../packages/api/src/utils/__tests__/time.test.ts [2m([22m[2m23 tests[22m[2m)[22m[90m 28[2mms[22m[39m
 [32mΓ£ô[39m ../../packages/api/src/utils/__tests__/time-comprehensive.test.ts [2m([22m[2m56 tests[22m[2m)[22m[90m 35[2mms[22m[39m
 [32mΓ£ô[39m ../../packages/app/hooks/__tests__/hooks-imports.test.ts [2m([22m[2m4 tests[22m[2m)[22m[90m 239[2mms[22m[39m
 [32mΓ£ô[39m ../../packages/ui/src/__tests__/simple.test.ts [2m([22m[2m2 tests[22m[2m)[22m[90m 1[2mms[22m[39m
 [32mΓ£ô[39m ../../packages/ui/src/__tests__/forminput-import.test.tsx [2m([22m[2m1 test[22m[2m)[22m[33m 1029[2mms[22m[39m
   [33m[2mΓ£ô[22m[39m FormInput Import Test[2m > [22mshould import FormInput component [33m1029[2mms[22m[39m
 [32mΓ£ô[39m ../../packages/ui/src/__tests__/forminput.test.tsx [2m([22m[2m3 tests[22m[2m)[22m[33m 1030[2mms[22m[39m
   [33m[2mΓ£ô[22m[39m FormInput Components[2m > [22mshould import FormInput component [33m1029[2mms[22m[39m
 [32mΓ£ô[39m ../../packages/ui/src/__tests__/tamagui-import.test.tsx [2m([22m[2m1 test[22m[2m)[22m[90m 1[2mms[22m[39m

[2m Test Files [22m [1m[32m16 passed[39m[22m[90m (16)[39m
[2m      Tests [22m [1m[32m290 passed[39m[22m[90m (290)[39m
[2m   Start at [22m 15:18:14
[2m   Duration [22m 2.29s[2m (transform 1.22s, setup 354ms, collect 3.29s, tests 2.52s, environment 11.48s, prepare 1.85s)[22m

[33mThe CJS build of Vite's Node 
API is deprecated. See https://vite
.dev/guide/troubleshooting.html#vit
e-cjs-node-api-deprecated for more 
details.[39m

[1m[7m[34m DEV [39m[27m[22m [34mv2.1.9 [39m[90mE:/work/solutionbank/frontend/apps/next[39m

[2minclude: [22m[33m**/*.{test,s
pec}.?(c|m)[jt]s?(x)[39m
[2mexclude:  
[22m[33m**/node_modules/**[2m, 
[22m**/dist/**[2m, 
[22m**/e2e/**[2m, 
[22m**/.next/**[39m
[31m
No test files found, exiting with 
code 1[39m
